LISTENING: SINCO SMC-PAD-Private
LISTENING: SINCO SMC-PAD-Master
LISTENING: SINCO Puerto 3
LISTENING: SMC-PAD Bluetooth
[SINCO SMC-PAD-Private] F0 00 32 0D 21 01 00 00 02 00 00 00 00 40 01 00 00 78 00 48 21 00 00 00 01 00 02 04 00 00 20 0F F7
[SINCO SMC-PAD-Private] F0 00 32 0D 21 01 00 00 02 00 00 00 00 40 01 00 00 78 00 48 21 00 00 00 01 00 02 04 00 00 20 0F F7
[SINCO SMC-PAD-Private] F0 00 32 0D 21 01 00 00 02 00 00 00 00 40 01 00 00 78 00 48 21 00 00 00 01 00 02 04 00 00 20 0F F7
[SINCO SMC-PAD-Private] F0 00 32 0D 21 01 00 00 02 00 00 00 00 40 01 00 00 78 00 48 21 00 00 00 01 00 02 04 00 00 20 0F F7
[SINCO SMC-PAD-Private] F0 00 32 0D 21 01 00 00 02 00 00 00 00 40 01 00 00 78 00 48 21 00 00 00 01 00 02 04 00 00 20 0F F7
[SINCO SMC-PAD-Private] F0 00 32 0D 21 01 00 00 02 00 00 00 00 40 01 00 00 78 00 48 21 00 00 00 01 00 02 04 00 00 20 0F F7
[SINCO SMC-PAD-Private] F0 00 32 0D 21 01 00 00 02 00 00 00 00 40 01 00 00 78 00 48 21 00 00 00 01 00 02 04 00 00 20 0F F7
[SINCO SMC-PAD-Private] F0 00 32 0D 21 01 00 00 02 00 00 00 00 40 01 00 00 78 00 48 21 00 00 00 01 00 02 04 00 00 20 0F F7
[SINCO SMC-PAD-Private] F0 00 32 0D 21 01 00 00 02 00 00 00 00 40 01 00 00 78 00 48 21 00 00 00 01 00 02 04 00 00 20 0F F7
[SINCO SMC-PAD-Private] F0 00 32 0D 21 01 00 00 02 00 00 00 00 40 01 00 00 78 00 48 21 00 00 00 01 00 02 04 00 00 20 0F F7
[SINCO SMC-PAD-Private] F0 00 32 0D 21 01 00 00 02 00 00 00 00 40 01 00 00 78 00 48 21 00 00 00 01 00 02 04 00 00 20 0F F7
[SINCO SMC-PAD-Private] F0 00 32 0D 21 01 00 00 02 00 00 00 00 40 01 00 00 78 00 48 21 00 00 00 01 00 02 04 00 00 20 0F F7
[SINCO SMC-PAD-Private] F0 00 32 0D 21 01 00 00 02 00 00 00 00 40 01 00 00 78 00 48 21 00 00 00 01 00 02 04 00 00 20 0F F7
[SINCO SMC-PAD-Private] F0 00 32 0D 21 01 00 00 02 00 00 00 00 40 01 00 00 78 00 48 21 00 00 00 01 00 02 04 00 00 20 0F F7
[SINCO SMC-PAD-Private] F0 00 32 0D 21 01 00 00 02 00 00 00 00 40 01 00 00 78 00 48 21 00 00 00 01 00 02 04 00 00 20 0F F7
[SINCO SMC-PAD-Private] F0 00 32 01 08 00 00 00 00 7F 01 F7
[SINCO SMC-PAD-Private] F0 00 32 0D 21 01 00 00 02 00 00 00 00 40 01 00 00 78 00 48 21 00 00 00 01 00 02 04 00 00 20 0F F7
[SINCO SMC-PAD-Private] F0 00 32 0D 21 01 00 00 02 00 00 00 00 40 01 00 00 78 00 48 21 00 00 00 01 00 02 04 00 00 20 0F F7
[SINCO SMC-PAD-Private] F0 00 32 0D 21 01 00 00 02 00 00 00 00 40 01 00 00 78 00 48 21 00 00 00 01 00 02 04 00 00 20 0F F7
[SINCO SMC-PAD-Private] F0 00 32 0D 21 01 00 00 02 00 00 00 00 40 01 00 00 78 00 48 21 00 00 00 01 00 02 04 00 00 20 0F F7
[SINCO SMC-PAD-Private] F0 00 32 0D 21 01 00 00 02 00 00 00 00 40 01 00 00 78 00 48 21 00 00 00 01 00 02 04 00 00 20 0F F7
[SINCO SMC-PAD-Private] F0 00 32 0D 21 01 00 00 02 00 00 00 00 40 01 00 00 78 00 48 21 00 00 00 01 00 02 04 00 00 20 0F F7
[SINCO SMC-PAD-Private] F0 00 32 01 08 00 00 00 00 7F 01 F7
[SINCO SMC-PAD-Private] F0 00 32 0D 21 01 00 00 02 00 00 00 00 40 01 00 00 78 00 48 21 00 00 00 01 00 02 04 00 00 20 0F F7
[SINCO SMC-PAD-Private] F0 00 32 0D 21 01 00 00 02 00 00 00 00 40 01 00 00 78 00 48 21 00 00 00 01 00 02 04 00 00 20 0F F7
[SINCO SMC-PAD-Private] F0 00 32 01 08 00 00 00 00 7F 01 F7
[SINCO SMC-PAD-Private] F0 00 32 0D 21 01 00 00 02 00 00 00 00 40 01 00 00 78 00 48 21 00 00 00 01 00 02 04 00 00 20 0F F7
[SINCO SMC-PAD-Private] F0 00 32 0D 21 01 00 00 02 00 00 00 00 40 01 00 00 78 00 48 21 00 00 00 01 00 02 04 00 00 20 0F F7
[SINCO SMC-PAD-Private] F0 00 32 0D 21 01 00 00 02 00 00 00 00 40 01 00 00 78 00 48 21 00 00 00 01 00 02 04 00 00 20 0F F7
[SINCO SMC-PAD-Private] F0 00 32 0D 21 01 00 00 02 00 00 00 00 40 01 00 00 78 00 48 21 00 00 00 01 00 02 04 00 00 20 0F F7
[SINCO SMC-PAD-Private] F0 00 32 0D 21 01 00 00 02 00 00 00 00 40 01 00 00 78 00 48 21 00 00 00 01 00 02 04 00 00 20 0F F7
[SINCO SMC-PAD-Private] F0 00 32 0D 21 01 00 00 02 00 00 00 00 40 01 00 00 78 00 48 21 00 00 00 01 00 02 04 00 00 20 0F F7
[SINCO SMC-PAD-Private] F0 00 32 0D 21 01 00 00 02 00 00 00 00 40 01 00 00 78 00 48 21 00 00 00 01 00 02 04 00 00 20 0F F7
[SINCO SMC-PAD-Private] F0 00 32 0D 21 01 00 00 02 00 00 00 00 40 01 00 00 78 00 48 21 00 00 00 01 00 02 04 00 00 20 0F F7
[SINCO SMC-PAD-Private] F0 00 32 0D 21 01 00 00 02 00 00 00 00 40 01 00 00 78 00 48 21 00 00 00 01 00 02 04 00 00 20 0F F7
[SINCO SMC-PAD-Private] F0 00 32 0D 21 01 00 00 02 00 00 00 00 40 01 00 00 78 00 48 21 00 00 00 01 00 02 04 00 00 20 0F F7
[SINCO SMC-PAD-Private] F0 00 32 0D 21 01 00 00 02 00 00 00 00 40 01 00 00 78 00 48 21 00 00 00 01 00 02 04 00 00 20 0F F7
[SINCO SMC-PAD-Private] F0 00 32 0D 21 01 00 00 02 00 00 00 00 40 01 00 00 78 00 48 21 00 00 00 01 00 02 04 00 00 20 0F F7
[SINCO SMC-PAD-Private] F0 00 32 0D 21 01 00 00 02 00 00 00 00 40 01 00 00 78 00 48 21 00 00 00 01 00 02 04 00 00 20 0F F7
[SINCO SMC-PAD-Private] F0 00 32 0D 21 01 00 00 02 00 00 00 00 40 01 00 00 78 00 48 21 00 00 00 01 00 02 04 00 00 20 0F F7
[SINCO SMC-PAD-Private] F0 00 32 0D 21 01 00 00 02 00 00 00 00 40 01 00 00 78 00 48 21 00 00 00 01 00 02 04 00 00 20 0F F7
[SINCO SMC-PAD-Private] F0 00 32 0D 21 01 00 00 02 00 00 00 00 40 01 00 00 78 00 48 21 00 00 00 01 00 02 04 00 00 20 0F F7
[SINCO SMC-PAD-Private] F0 00 32 0D 21 01 00 00 02 00 00 00 00 40 01 00 00 78 00 48 21 00 00 00 01 00 02 04 00 00 20 0F F7
[SINCO SMC-PAD-Private] F0 00 32 0D 21 01 00 00 02 00 00 00 00 40 01 00 00 78 00 48 21 00 00 00 01 00 02 04 00 00 20 0F F7
[SINCO SMC-PAD-Private] F0 00 32 0D 21 01 00 00 02 00 00 00 00 40 01 00 00 78 00 48 21 00 00 00 01 00 02 04 00 00 20 0F F7
[SINCO SMC-PAD-Private] F0 00 32 0D 21 01 00 00 02 00 00 00 00 40 01 00 00 78 00 48 21 00 00 00 01 00 02 04 00 00 20 0F F7
[SINCO SMC-PAD-Private] F0 00 32 0D 21 01 00 00 02 00 00 00 00 40 01 00 00 78 00 48 21 00 00 00 01 00 02 04 00 00 20 0F F7
[SINCO SMC-PAD-Private] F0 00 32 0D 21 01 00 00 02 00 00 00 00 40 01 00 00 78 00 48 21 00 00 00 01 00 02 04 00 00 20 0F F7
[SINCO SMC-PAD-Private] F0 00 32 0D 21 01 00 00 02 00 00 00 00 40 01 00 00 78 00 48 21 00 00 00 01 00 02 04 00 00 20 0F F7
[SINCO SMC-PAD-Private] F0 00 32 0D 21 01 00 00 02 00 00 00 00 40 01 00 00 78 00 48 21 00 00 00 01 00 02 04 00 00 20 0F F7
[SINCO SMC-PAD-Private] F0 00 32 0D 21 01 00 00 02 00 00 00 00 40 01 00 00 78 00 48 21 00 00 00 01 00 02 04 00 00 20 0F F7
[SINCO SMC-PAD-Private] F0 00 32 0D 21 01 00 00 02 00 00 00 00 40 01 00 00 78 00 48 21 00 00 00 01 00 02 04 00 00 20 0F F7
[SINCO SMC-PAD-Private] F0 00 32 0D 21 01 00 00 02 00 00 00 00 40 01 00 00 78 00 48 21 00 00 00 01 00 02 04 00 00 20 0F F7
[SINCO SMC-PAD-Private] F0 00 32 0D 21 01 00 00 02 00 00 00 00 40 01 00 00 78 00 48 21 00 00 00 01 00 02 04 00 00 20 0F F7
[SINCO SMC-PAD-Private] F0 00 32 0D 21 01 00 00 02 00 00 00 00 40 01 00 00 78 00 48 21 00 00 00 01 00 02 04 00 00 20 0F F7
[SINCO SMC-PAD-Private] F0 00 32 0D 21 01 00 00 02 00 00 00 00 40 01 00 00 78 00 48 21 00 00 00 01 00 02 04 00 00 20 0F F7
[SINCO SMC-PAD-Private] F0 00 32 0D 21 01 00 00 02 00 00 00 00 40 01 00 00 78 00 48 21 00 00 00 01 00 02 04 00 00 20 0F F7
[SINCO SMC-PAD-Private] F0 00 32 0D 21 01 00 00 02 00 00 00 00 40 01 00 00 78 00 48 21 00 00 00 01 00 02 04 00 00 20 0F F7
[SINCO SMC-PAD-Private] F0 00 32 0D 21 01 00 00 02 00 00 00 00 40 01 00 00 78 00 48 21 00 00 00 01 00 02 04 00 00 20 0F F7
[SINCO SMC-PAD-Private] F0 00 32 0D 21 01 00 00 02 00 00 00 00 40 01 00 00 78 00 48 21 00 00 00 01 00 02 04 00 00 20 0F F7
[SINCO SMC-PAD-Private] F0 00 32 0D 21 01 00 00 02 00 00 00 00 40 01 00 00 78 00 48 21 00 00 00 01 00 02 04 00 00 20 0F F7
[SINCO SMC-PAD-Private] F0 00 32 0D 21 01 00 00 02 00 00 00 00 40 01 00 00 78 00 48 21 00 00 00 01 00 02 04 00 00 20 0F F7
[SINCO SMC-PAD-Private] F0 00 32 0D 21 01 00 00 02 00 00 00 00 40 01 00 00 78 00 48 21 00 00 00 01 00 02 04 00 00 20 0F F7
[SINCO SMC-PAD-Private] F0 00 32 0D 21 01 00 00 02 00 00 00 00 40 01 00 00 78 00 48 21 00 00 00 01 00 02 04 00 00 20 0F F7
[SINCO SMC-PAD-Private] F0 00 32 0D 21 01 00 00 02 00 00 00 00 40 01 00 00 78 00 48 21 00 00 00 01 00 02 04 00 00 20 0F F7
[SINCO SMC-PAD-Private] F0 00 32 0D 21 01 00 00 02 00 00 00 00 40 01 00 00 78 00 48 21 00 00 00 01 00 02 04 00 00 20 0F F7
[SINCO SMC-PAD-Private] F0 00 32 0D 21 01 00 00 02 00 00 00 00 40 01 00 00 78 00 48 21 00 00 00 01 00 02 04 00 00 20 0F F7
[SINCO SMC-PAD-Private] F0 00 32 0D 21 01 00 00 02 00 00 00 00 40 01 00 00 78 00 48 21 00 00 00 01 00 02 04 00 00 20 0F F7
[SINCO SMC-PAD-Private] F0 00 32 0D 21 01 00 00 02 00 00 00 00 40 01 00 00 78 00 48 21 00 00 00 01 00 02 04 00 00 20 0F F7
[SINCO SMC-PAD-Private] F0 00 32 0D 21 01 00 00 02 00 00 00 00 40 01 00 00 78 00 48 21 00 00 00 01 00 02 04 00 00 20 0F F7
[SINCO SMC-PAD-Private] F0 00 32 0D 21 01 00 00 02 00 00 00 00 40 01 00 00 78 00 48 21 00 00 00 01 00 02 04 00 00 20 0F F7
[SINCO SMC-PAD-Private] F0 00 32 0D 21 01 00 00 02 00 00 00 00 40 01 00 00 78 00 48 21 00 00 00 01 00 02 04 00 00 20 0F F7
[SINCO SMC-PAD-Private] F0 00 32 0D 21 01 00 00 02 00 00 00 00 40 01 00 00 78 00 48 21 00 00 00 01 00 02 04 00 00 20 0F F7
[SINCO SMC-PAD-Private] F0 00 32 0D 21 01 00 00 02 00 00 00 00 40 01 00 00 78 00 48 21 00 00 00 01 00 02 04 00 00 20 0F F7
[SINCO SMC-PAD-Private] F0 00 32 0D 21 01 00 00 02 00 00 00 00 40 01 00 00 78 00 48 21 00 00 00 01 00 02 04 00 00 20 0F F7
[SINCO SMC-PAD-Private] F0 00 32 0D 21 01 00 00 02 00 00 00 00 40 01 00 00 78 00 48 21 00 00 00 01 00 02 04 00 00 20 0F F7
[SINCO SMC-PAD-Private] F0 00 32 0D 21 01 00 00 02 00 00 00 00 40 01 00 00 78 00 48 21 00 00 00 01 00 02 04 00 00 20 0F F7
[SINCO SMC-PAD-Private] F0 00 32 0D 21 01 00 00 02 00 00 00 00 40 01 00 00 78 00 48 21 00 00 00 01 00 02 04 00 00 20 0F F7
[SINCO SMC-PAD-Private] F0 00 32 0D 21 01 00 00 02 00 00 00 00 40 01 00 00 78 00 48 21 00 00 00 01 00 02 04 00 00 20 0F F7
[SINCO SMC-PAD-Private] F0 00 32 0D 21 01 00 00 02 00 00 00 00 40 01 00 00 78 00 48 21 00 00 00 01 00 02 04 00 00 20 0F F7
[SINCO SMC-PAD-Private] F0 00 32 0D 21 01 00 00 02 00 00 00 00 40 01 00 00 78 00 48 21 00 00 00 01 00 02 04 00 00 20 0F F7
[SINCO SMC-PAD-Private] F0 00 32 0D 21 01 00 00 02 00 00 00 00 40 01 00 00 78 00 48 21 00 00 00 01 00 02 04 00 00 20 0F F7
[SINCO SMC-PAD-Private] F0 00 32 0D 21 01 00 00 02 00 00 00 00 40 01 00 00 78 00 48 21 00 00 00 01 00 02 04 00 00 20 0F F7
[SINCO SMC-PAD-Private] F0 00 32 0D 21 01 00 00 02 00 00 00 00 40 01 00 00 78 00 48 21 00 00 00 01 00 02 04 00 00 20 0F F7
[SINCO SMC-PAD-Private] F0 00 32 0D 21 01 00 00 02 00 00 00 00 40 01 00 00 78 00 48 21 00 00 00 01 00 02 04 00 00 20 0F F7
[SINCO SMC-PAD-Private] F0 00 32 0D 21 01 00 00 02 00 00 00 00 40 01 00 00 78 00 48 21 00 00 00 01 00 02 04 00 00 20 0F F7
[SINCO SMC-PAD-Private] F0 00 32 0D 21 01 00 00 02 00 00 00 00 40 01 00 00 78 00 48 21 00 00 00 01 00 02 04 00 00 20 0F F7
[SINCO SMC-PAD-Private] F0 00 32 0D 21 01 00 00 02 00 00 00 00 40 01 00 00 78 00 48 21 00 00 00 01 00 02 04 00 00 20 0F F7
[SINCO SMC-PAD-Private] F0 00 32 0D 21 01 00 00 02 00 00 00 00 40 01 00 00 78 00 48 21 00 00 00 01 00 02 04 00 00 20 0F F7
[SINCO SMC-PAD-Private] F0 00 32 0D 21 01 00 00 02 00 00 00 00 40 01 00 00 78 00 48 21 00 00 00 01 00 02 04 00 00 20 0F F7
[SINCO SMC-PAD-Private] F0 00 32 0D 21 01 00 00 02 00 00 00 00 40 01 00 00 78 00 48 21 00 00 00 01 00 02 04 00 00 20 0F F7
[SINCO SMC-PAD-Private] F0 00 32 0D 21 01 00 00 02 00 00 00 00 40 01 00 00 78 00 48 21 00 00 00 01 00 02 04 00 00 20 0F F7
[SINCO SMC-PAD-Private] F0 00 32 0D 21 01 00 00 02 00 00 00 00 40 01 00 00 78 00 48 21 00 00 00 01 00 02 04 00 00 20 0F F7
[SINCO SMC-PAD-Private] F0 00 32 0D 21 01 00 00 02 00 00 00 00 40 01 00 00 78 00 48 21 00 00 00 01 00 02 04 00 00 20 0F F7
[SINCO SMC-PAD-Private] F0 00 32 0D 21 01 00 00 02 00 00 00 00 40 01 00 00 78 00 48 21 00 00 00 01 00 02 04 00 00 20 0F F7
[SINCO SMC-PAD-Private] F0 00 32 0D 21 01 00 00 02 00 00 00 00 40 01 00 00 78 00 48 21 00 00 00 01 00 02 04 00 00 20 0F F7
